> Task :compileJava UP-TO-DATE
> Task :processResources UP-TO-DATE
> Task :classes UP-TO-DATE
> Task :resolveMainClassName UP-TO-DATE

> Task :bootRun

  .   ____          _            __ _ _
 /\\ / ___'_ __ _ _(_)_ __  __ _ \ \ \ \
( ( )\___ | '_ | '_| | '_ \/ _` | \ \ \ \
 \\/  ___)| |_)| | | | | || (_| |  ) ) ) )
  '  |____| .__|_| |_|_| |_\__, | / / / /
 =========|_|==============|___/=/_/_/_/

[32m :: Spring Boot :: [39m              [2m (v3.3.4)[0;39m

[2m2025-10-01T11:17:07.582+09:00[0;39m [32m INFO[0;39m [35m5877[0;39m [2m---[0;39m [2m[           main][0;39m [2m[0;39m[36mc.a.backend.BackendApplication          [0;39m [2m:[0;39m Starting BackendApplication using Java 17.0.14 with PID 5877 (/Users/gimdonghyeon/Desktop/ijuyo-backend/build/classes/java/main started by gimdonghyeon in /Users/gimdonghyeon/Desktop/ijuyo-backend)
[2m2025-10-01T11:17:07.583+09:00[0;39m [32m INFO[0;39m [35m5877[0;39m [2m---[0;39m [2m[           main][0;39m [2m[0;39m[36mc.a.backend.BackendApplication          [0;39m [2m:[0;39m The following 1 profile is active: "local"
[2m2025-10-01T11:17:07.855+09:00[0;39m [32m INFO[0;39m [35m5877[0;39m [2m---[0;39m [2m[           main][0;39m [2m[0;39m[36m.s.d.r.c.RepositoryConfigurationDelegate[0;39m [2m:[0;39m Bootstrapping Spring Data JPA repositories in DEFAULT mode.
[2m2025-10-01T11:17:07.885+09:00[0;39m [32m INFO[0;39m [35m5877[0;39m [2m---[0;39m [2m[           main][0;39m [2m[0;39m[36m.s.d.r.c.RepositoryConfigurationDelegate[0;39m [2m:[0;39m Finished Spring Data repository scanning in 28 ms. Found 16 JPA repository interfaces.
[2m2025-10-01T11:17:08.095+09:00[0;39m [32m INFO[0;39m [35m5877[0;39m [2m---[0;39m [2m[           main][0;39m [2m[0;39m[36mo.s.b.w.embedded.tomcat.TomcatWebServer [0;39m [2m:[0;39m Tomcat initialized with port 8080 (http)
[2m2025-10-01T11:17:08.100+09:00[0;39m [32m INFO[0;39m [35m5877[0;39m [2m---[0;39m [2m[           main][0;39m [2m[0;39m[36mo.apache.catalina.core.StandardService  [0;39m [2m:[0;39m Starting service [Tomcat]
[2m2025-10-01T11:17:08.100+09:00[0;39m [32m INFO[0;39m [35m5877[0;39m [2m---[0;39m [2m[           main][0;39m [2m[0;39m[36mo.apache.catalina.core.StandardEngine   [0;39m [2m:[0;39m Starting Servlet engine: [Apache Tomcat/10.1.30]
[2m2025-10-01T11:17:08.126+09:00[0;39m [32m INFO[0;39m [35m5877[0;39m [2m---[0;39m [2m[           main][0;39m [2m[0;39m[36mo.a.c.c.C.[Tomcat].[localhost].[/]      [0;39m [2m:[0;39m Initializing Spring embedded WebApplicationContext
[2m2025-10-01T11:17:08.126+09:00[0;39m [32m INFO[0;39m [35m5877[0;39m [2m---[0;39m [2m[           main][0;39m [2m[0;39m[36mw.s.c.ServletWebServerApplicationContext[0;39m [2m:[0;39m Root WebApplicationContext: initialization completed in 528 ms
[2m2025-10-01T11:17:08.139+09:00[0;39m [32m INFO[0;39m [35m5877[0;39m [2m---[0;39m [2m[           main][0;39m [2m[0;39m[36mcom.zaxxer.hikari.HikariDataSource      [0;39m [2m:[0;39m HikariPool-1 - Starting...
[2m2025-10-01T11:17:08.196+09:00[0;39m [32m INFO[0;39m [35m5877[0;39m [2m---[0;39m [2m[           main][0;39m [2m[0;39m[36mcom.zaxxer.hikari.pool.HikariPool       [0;39m [2m:[0;39m HikariPool-1 - Added connection conn0: url=jdbc:h2:mem:testdb user=SA
[2m2025-10-01T11:17:08.197+09:00[0;39m [32m INFO[0;39m [35m5877[0;39m [2m---[0;39m [2m[           main][0;39m [2m[0;39m[36mcom.zaxxer.hikari.HikariDataSource      [0;39m [2m:[0;39m HikariPool-1 - Start completed.
[2m2025-10-01T11:17:08.202+09:00[0;39m [32m INFO[0;39m [35m5877[0;39m [2m---[0;39m [2m[           main][0;39m [2m[0;39m[36mo.s.b.a.h2.H2ConsoleAutoConfiguration   [0;39m [2m:[0;39m H2 console available at '/h2-console'. Database available at 'jdbc:h2:mem:testdb'
[2m2025-10-01T11:17:08.246+09:00[0;39m [32m INFO[0;39m [35m5877[0;39m [2m---[0;39m [2m[           main][0;39m [2m[0;39m[36mo.hibernate.jpa.internal.util.LogHelper [0;39m [2m:[0;39m HHH000204: Processing PersistenceUnitInfo [name: default]
[2m2025-10-01T11:17:08.263+09:00[0;39m [32m INFO[0;39m [35m5877[0;39m [2m---[0;39m [2m[           main][0;39m [2m[0;39m[36morg.hibernate.Version                   [0;39m [2m:[0;39m HHH000412: Hibernate ORM core version 6.5.3.Final
[2m2025-10-01T11:17:08.272+09:00[0;39m [32m INFO[0;39m [35m5877[0;39m [2m---[0;39m [2m[           main][0;39m [2m[0;39m[36mo.h.c.internal.RegionFactoryInitiator   [0;39m [2m:[0;39m HHH000026: Second-level cache disabled
[2m2025-10-01T11:17:08.358+09:00[0;39m [32m INFO[0;39m [35m5877[0;39m [2m---[0;39m [2m[           main][0;39m [2m[0;39m[36mo.s.o.j.p.SpringPersistenceUnitInfo     [0;39m [2m:[0;39m No LoadTimeWeaver setup: ignoring JPA class transformer
[2m2025-10-01T11:17:08.373+09:00[0;39m [33m WARN[0;39m [35m5877[0;39m [2m---[0;39m [2m[           main][0;39m [2m[0;39m[36morg.hibernate.orm.deprecation           [0;39m [2m:[0;39m HHH90000025: H2Dialect does not need to be specified explicitly using 'hibernate.dialect' (remove the property setting and it will be selected by default)
[2m2025-10-01T11:17:08.758+09:00[0;39m [32m INFO[0;39m [35m5877[0;39m [2m---[0;39m [2m[           main][0;39m [2m[0;39m[36mo.h.e.t.j.p.i.JtaPlatformInitiator      [0;39m [2m:[0;39m HHH000489: No JTA platform available (set 'hibernate.transaction.jta.platform' to enable JTA platform integration)
Hibernate: 
    drop table if exists board cascade 
Hibernate: 
    drop table if exists code cascade 
Hibernate: 
    drop table if exists comment cascade 
Hibernate: 
    drop table if exists companies cascade 
Hibernate: 
    drop table if exists housings cascade 
Hibernate: 
    drop table if exists post cascade 
Hibernate: 
    drop table if exists post_file cascade 
Hibernate: 
    drop table if exists post_like cascade 
Hibernate: 
    drop table if exists refresh_token cascade 
Hibernate: 
    drop table if exists region cascade 
Hibernate: 
    drop table if exists report cascade 
Hibernate: 
    drop table if exists report_recommended_companies cascade 
Hibernate: 
    drop table if exists report_recommended_housings cascade 
Hibernate: 
    drop table if exists report_recommended_policies cascade 
Hibernate: 
    drop table if exists report_recommended_subsidies cascade 
Hibernate: 
    drop table if exists self_check cascade 
Hibernate: 
    drop table if exists subsidies cascade 
Hibernate: 
    drop table if exists user_profiles cascade 
Hibernate: 
    drop table if exists user_region cascade 
Hibernate: 
    drop table if exists users cascade 
Hibernate: 
    drop table if exists youth_policies cascade 
Hibernate: 
    create table board (
        created_at timestamp(6),
        id bigint generated by default as identity,
        region_id bigint,
        updated_at timestamp(6),
        board_type enum ('FREE','PROMO','QNA','REVIEW'),
        primary key (id)
    )
Hibernate: 
    create table code (
        active boolean not null,
        sort_order integer not null,
        created_at timestamp(6),
        id bigint generated by default as identity,
        updated_at timestamp(6),
        code varchar(255),
        description varchar(255),
        name varchar(255),
        type varchar(255),
        primary key (id)
    )
Hibernate: 
    create table comment (
        created_at timestamp(6),
        id bigint generated by default as identity,
        post_id bigint not null,
        updated_at timestamp(6),
        user_id bigint not null,
        content varchar(100) not null,
        primary key (id)
    )
Hibernate: 
    create table companies (
        created_at timestamp(6),
        id bigint generated by default as identity,
        region_id bigint,
        updated_at timestamp(6),
        salary_avg varchar(50),
        salary_entry varchar(50),
        company_name varchar(100) not null,
        address varchar(200) not null,
        job_roles varchar(200) not null,
        description TEXT,
        primary key (id)
    )
Hibernate: 
    create table housings (
        created_at timestamp(6),
        id bigint generated by default as identity,
        region_id bigint,
        updated_at timestamp(6),
        housing_type varchar(100) not null,
        rent_details varchar(100) not null,
        address varchar(255) not null,
        description TEXT,
        primary key (id)
    )
Hibernate: 
    create table post (
        comment_count integer not null,
        like_count integer not null,
        view_count integer not null,
        board_id bigint not null,
        created_at timestamp(6),
        id bigint generated by default as identity,
        region_id bigint not null,
        updated_at timestamp(6),
        user_id bigint not null,
        content varchar(1000),
        title varchar(255) not null,
        primary key (id)
    )
Hibernate: 
    create table post_file (
        created_at timestamp(6),
        file_size bigint not null,
        id bigint generated by default as identity,
        post_id bigint not null,
        updated_at timestamp(6),
        original_file_name varchar(255) not null,
        stored_key varchar(255) not null,
        primary key (id)
    )
Hibernate: 
    create table post_like (
        created_at timestamp(6),
        id bigint generated by default as identity,
        post_id bigint not null unique,
        updated_at timestamp(6),
        user_id bigint not null unique,
        primary key (id)
    )
Hibernate: 
    create table refresh_token (
        expires_at timestamp(6),
        id bigint generated by default as identity,
        issued_at timestamp(6),
        user_id bigint unique,
        token varchar(255),
        primary key (id)
    )
Hibernate: 
    create table region (
        created_at timestamp(6),
        id bigint generated by default as identity,
        updated_at timestamp(6),
        name varchar(255),
        primary key (id)
    )
Hibernate: 
    create table report (
        commute_time_minutes integer,
        expected_income numeric(15,0),
        housing_cost numeric(15,0),
        living_cost numeric(15,0),
        prdi_amount numeric(15,0),
        tax_amount numeric(15,0),
        total_subsidy numeric(15,0),
        work_life_balance_score integer,
        completed_at timestamp(6),
        created_at timestamp(6),
        id bigint generated by default as identity,
        region_id bigint not null,
        self_check_id bigint unique,
        updated_at timestamp(6),
        user_id bigint not null,
        error_message varchar(500),
        ai_story varchar(255),
        daily_scenario TEXT,
        housing_info varchar(255),
        monthly_scenario TEXT,
        recommended_job varchar(255),
        recommended_location varchar(255),
        recommended_policy varchar(255),
        title varchar(255),
        yearly_scenario TEXT,
        career_analysis json,
        housing_analysis json,
        lifestyle_analysis json,
        policy_analysis json,
        raw_analysis_data json,
        recommended_regions json,
        status enum ('COMPLETED','FAILED','PENDING','PROCESSING'),
        primary key (id)
    )
Hibernate: 
    create table report_recommended_companies (
        company_id bigint,
        report_id bigint not null
    )
Hibernate: 
    create table report_recommended_housings (
        housing_id bigint,
        report_id bigint not null
    )
Hibernate: 
    create table report_recommended_policies (
        report_id bigint not null,
        policy_id varchar(255)
    )
Hibernate: 
    create table report_recommended_subsidies (
        report_id bigint not null,
        subsidy_id varchar(255)
    )
Hibernate: 
    create table self_check (
        annual_budget integer,
        created_at timestamp(6),
        id bigint generated by default as identity,
        updated_at timestamp(6),
        user_id bigint,
        career_aspiration varchar(255),
        current_industry varchar(255),
        desired_industry varchar(255),
        desired_job varchar(255),
        experience_years varchar(255),
        favorite_food varchar(255),
        hobby varchar(255),
        housing_type varchar(255),
        life_direction_preference varchar(255),
        mbti varchar(255),
        stress_relief_method varchar(255),
        primary key (id)
    )
Hibernate: 
    create table subsidies (
        created_at timestamp(6),
        id bigint generated by default as identity,
        updated_at timestamp(6),
        subsidy_type varchar(50) not null,
        target_region varchar(50),
        amount varchar(100),
        application_period varchar(100),
        application_url varchar(255),
        description TEXT,
        eligibility TEXT,
        subsidy_name varchar(255) not null,
        primary key (id)
    )
Hibernate: 
    create table user_profiles (
        created_at timestamp(6),
        id bigint generated by default as identity,
        updated_at timestamp(6),
        user_id bigint not null unique,
        summary TEXT,
        profile_data json,
        primary key (id)
    )
Hibernate: 
    create table user_region (
        id bigint generated by default as identity,
        region_id bigint not null,
        user_id bigint not null,
        primary key (id)
    )
Hibernate: 
    create table users (
        active boolean not null,
        created_at timestamp(6),
        id bigint generated by default as identity,
        survey_id bigint,
        updated_at timestamp(6),
        email varchar(255),
        name varchar(255),
        social_login_id varchar(255),
        role enum ('ADMIN','USER'),
        social_platform enum ('GOOGLE','KAKAO','NAVER'),
        primary key (id)
    )
Hibernate: 
    create table youth_policies (
        max_age integer,
        min_age integer,
        created_at timestamp(6),
        updated_at timestamp(6),
        policy_id varchar(50) not null,
        policy_field varchar(100),
        region varchar(100),
        organization varchar(200),
        policy_name varchar(300) not null,
        support_target varchar(500),
        policy_introduction TEXT,
        support_content TEXT,
        primary key (policy_id)
    )
Hibernate: 
    alter table if exists board 
       add constraint FKcau2b6wvevn6xl4ix9nsh3502 
       foreign key (region_id) 
       references region
Hibernate: 
    alter table if exists comment 
       add constraint FKs1slvnkuemjsq2kj4h3vhx7i1 
       foreign key (post_id) 
       references post
Hibernate: 
    alter table if exists comment 
       add constraint FKqm52p1v3o13hy268he0wcngr5 
       foreign key (user_id) 
       references users
Hibernate: 
    alter table if exists companies 
       add constraint FK1d36raixlr8pi4pngt9i67k5e 
       foreign key (region_id) 
       references region
Hibernate: 
    alter table if exists housings 
       add constraint FK15waejr542mh9sug2841x2p3a 
       foreign key (region_id) 
       references region
Hibernate: 
    alter table if exists post 
       add constraint FK2t7katxxymxif93a9osshl0ns 
       foreign key (board_id) 
       references board
Hibernate: 
    alter table if exists post 
       add constraint FKj36nkevns47wmugxg242ucapx 
       foreign key (region_id) 
       references region
Hibernate: 
    alter table if exists post 
       add constraint FK7ky67sgi7k0ayf22652f7763r 
       foreign key (user_id) 
       references users
Hibernate: 
    alter table if exists post_file 
       add constraint FKn75omflablcagq3jsuoognqwy 
       foreign key (post_id) 
       references post
Hibernate: 
    alter table if exists post_like 
       add constraint FKj7iy0k7n3d0vkh8o7ibjna884 
       foreign key (post_id) 
       references post
Hibernate: 
    alter table if exists post_like 
       add constraint FKijnjmw0imnatadr3agtk0udip 
       foreign key (user_id) 
       references users
Hibernate: 
    alter table if exists refresh_token 
       add constraint FKjtx87i0jvq2svedphegvdwcuy 
       foreign key (user_id) 
       references users
Hibernate: 
    alter table if exists report 
       add constraint FKlw3a96pfaoh5qg9ix43ng9ajd 
       foreign key (region_id) 
       references region
Hibernate: 
    alter table if exists report 
       add constraint FK7onpjyydq10guakbo30orxydh 
       foreign key (self_check_id) 
       references self_check
Hibernate: 
    alter table if exists report 
       add constraint FKq50wsn94sc3mi90gtidk0k34a 
       foreign key (user_id) 
       references users
Hibernate: 
    alter table if exists report_recommended_companies 
       add constraint FK49ett1ql0vne8hi7qb9dw5688 
       foreign key (report_id) 
       references report
Hibernate: 
    alter table if exists report_recommended_housings 
       add constraint FKiujc9kg4aa5y50sx1te4etdb4 
       foreign key (report_id) 
       references report
Hibernate: 
    alter table if exists report_recommended_policies 
       add constraint FKtj2wq7tlr06eqypqnhekwfd29 
       foreign key (report_id) 
       references report
Hibernate: 
    alter table if exists report_recommended_subsidies 
       add constraint FKfei9umg4c1cpuaewf0igphqay 
       foreign key (report_id) 
       references report
Hibernate: 
    alter table if exists self_check 
       add constraint FKfw711gkxdoq9ha0abbhhe4wwd 
       foreign key (user_id) 
       references users
Hibernate: 
    alter table if exists user_profiles 
       add constraint FKjcad5nfve11khsnpwj1mv8frj 
       foreign key (user_id) 
       references users
Hibernate: 
    alter table if exists user_region 
       add constraint FKkfdr7nd3nty4xxdgjfgdtl4b8 
       foreign key (region_id) 
       references region
Hibernate: 
    alter table if exists user_region 
       add constraint FKje1cyxoxymnfs8wtxn9qmkns4 
       foreign key (user_id) 
       references users
[2m2025-10-01T11:17:08.798+09:00[0;39m [32m INFO[0;39m [35m5877[0;39m [2m---[0;39m [2m[           main][0;39m [2m[0;39m[36mj.LocalContainerEntityManagerFactoryBean[0;39m [2m:[0;39m Initialized JPA EntityManagerFactory for persistence unit 'default'
[2m2025-10-01T11:17:08.895+09:00[0;39m [32m INFO[0;39m [35m5877[0;39m [2m---[0;39m [2m[           main][0;39m [2m[0;39m[36mo.s.d.j.r.query.QueryEnhancerFactory    [0;39m [2m:[0;39m Hibernate is in classpath; If applicable, HQL parser will be used.
[2m2025-10-01T11:17:09.274+09:00[0;39m [32m INFO[0;39m [35m5877[0;39m [2m---[0;39m [2m[           main][0;39m [2m[0;39m[36mc.a.b.d.community.mapper.PostFileMapper [0;39m [2m:[0;39m S3 Base URL Injected: https://test-bucket.s3.ap-northeast-2.amazonaws.com/
[2m2025-10-01T11:17:09.442+09:00[0;39m [33m WARN[0;39m [35m5877[0;39m [2m---[0;39m [2m[           main][0;39m [2m[0;39m[36mJpaBaseConfiguration$JpaWebConfiguration[0;39m [2m:[0;39m spring.jpa.open-in-view is enabled by default. Therefore, database queries may be performed during view rendering. Explicitly configure spring.jpa.open-in-view to disable this warning
[2m2025-10-01T11:17:09.650+09:00[0;39m [32m INFO[0;39m [35m5877[0;39m [2m---[0;39m [2m[           main][0;39m [2m[0;39m[36mo.s.b.w.embedded.tomcat.TomcatWebServer [0;39m [2m:[0;39m Tomcat started on port 8080 (http) with context path '/'
[2m2025-10-01T11:17:09.655+09:00[0;39m [32m INFO[0;39m [35m5877[0;39m [2m---[0;39m [2m[           main][0;39m [2m[0;39m[36mc.a.backend.BackendApplication          [0;39m [2m:[0;39m Started BackendApplication in 2.2 seconds (process running for 2.305)

> Task :bootRun FAILED

FAILURE: Build failed with an exception.

* What went wrong:
Execution failed for task ':bootRun'.
> Process 'command '/Users/gimdonghyeon/Library/Java/JavaVirtualMachines/jbr-17.0.14/Contents/Home/bin/java'' finished with non-zero exit value 137

* Try:
> Run with --stacktrace option to get the stack trace.
> Run with --info or --debug option to get more log output.
> Run with --scan to get full insights.
> Get more help at https://help.gradle.org.

BUILD FAILED in 6m 30s
4 actionable tasks: 1 executed, 3 up-to-date
